// Jest Snapshot v1, https://goo.gl/fbAQLP

exports[`Renders as expected 1`] = `
ShallowWrapper {
  "length": 1,
  Symbol(enzyme.__root__): [Circular],
  Symbol(enzyme.__unrendered__): <AddFriendForm
    showAddFriendForm={false}
    user={
        Object {
            "friends": Array [
              Object {
                "avatar": "https://placekitten.com/g/25/26",
                "lat": 32.796421,
                "lng": -79.9312164,
                "name": "Jim",
              },
            ],
            "name": "John Pope",
          }
    }
/>,
  Symbol(enzyme.__renderer__): Object {
    "batchedUpdates": [Function],
    "getNode": [Function],
    "render": [Function],
    "simulateEvent": [Function],
    "unmount": [Function],
  },
  Symbol(enzyme.__node__): Object {
    "instance": null,
    "key": undefined,
    "nodeType": "class",
    "props": Object {
      "children": <form
        name="Add a Friend"
        style={
                Object {
                        "padding": "0.5rem",
                      }
        }
>
        <legend>
                Fill in the information below
        </legend>
        <glamorous(form)>
                Name:
                <input
                        name="name"
                        onChange={[Function]}
                        type="text"
                />
        </glamorous(form)>
        <glamorous(form)>
                Avatar:
                <input
                        name="avatar"
                        onChange={[Function]}
                        type="text"
                />
        </glamorous(form)>
        <glamorous(button)
                className="button"
                onClick={[Function]}
        >
                Add Friend
        </glamorous(button)>
</form>,
      "fixedHeight": -1,
      "forceInitialAnimation": false,
      "hasNestedCollapse": false,
      "isOpened": false,
      "onMeasure": [Function],
      "onRender": [Function],
      "onRest": [Function],
      "style": Object {},
      "theme": Object {
        "collapse": "ReactCollapse--collapse",
        "content": "ReactCollapse--content",
      },
    },
    "ref": null,
    "rendered": Object {
      "instance": null,
      "key": undefined,
      "nodeType": "host",
      "props": Object {
        "children": Array [
          <legend>
            Fill in the information below
</legend>,
          <glamorous(form)>
            Name:
            <input
                        name="name"
                        onChange={[Function]}
                        type="text"
            />
</glamorous(form)>,
          <glamorous(form)>
            Avatar:
            <input
                        name="avatar"
                        onChange={[Function]}
                        type="text"
            />
</glamorous(form)>,
          <glamorous(button)
            className="button"
            onClick={[Function]}
>
            Add Friend
</glamorous(button)>,
        ],
        "name": "Add a Friend",
        "style": Object {
          "padding": "0.5rem",
        },
      },
      "ref": null,
      "rendered": Array [
        Object {
          "instance": null,
          "key": undefined,
          "nodeType": "host",
          "props": Object {
            "children": "Fill in the information below",
          },
          "ref": null,
          "rendered": "Fill in the information below",
          "type": "legend",
        },
        Object {
          "instance": null,
          "key": undefined,
          "nodeType": "class",
          "props": Object {
            "children": Array [
              "Name:",
              <input
                name="name"
                onChange={[Function]}
                type="text"
/>,
            ],
          },
          "ref": null,
          "rendered": Array [
            "Name:",
            Object {
              "instance": null,
              "key": undefined,
              "nodeType": "host",
              "props": Object {
                "name": "name",
                "onChange": [Function],
                "type": "text",
              },
              "ref": null,
              "rendered": null,
              "type": "input",
            },
          ],
          "type": [Function],
        },
        Object {
          "instance": null,
          "key": undefined,
          "nodeType": "class",
          "props": Object {
            "children": Array [
              "Avatar:",
              <input
                name="avatar"
                onChange={[Function]}
                type="text"
/>,
            ],
          },
          "ref": null,
          "rendered": Array [
            "Avatar:",
            Object {
              "instance": null,
              "key": undefined,
              "nodeType": "host",
              "props": Object {
                "name": "avatar",
                "onChange": [Function],
                "type": "text",
              },
              "ref": null,
              "rendered": null,
              "type": "input",
            },
          ],
          "type": [Function],
        },
        Object {
          "instance": null,
          "key": undefined,
          "nodeType": "class",
          "props": Object {
            "children": "Add Friend",
            "className": "button",
            "onClick": [Function],
          },
          "ref": null,
          "rendered": "Add Friend",
          "type": [Function],
        },
      ],
      "type": "form",
    },
    "type": [Function],
  },
  Symbol(enzyme.__nodes__): Array [
    Object {
      "instance": null,
      "key": undefined,
      "nodeType": "class",
      "props": Object {
        "children": <form
          name="Add a Friend"
          style={
                    Object {
                              "padding": "0.5rem",
                            }
          }
>
          <legend>
                    Fill in the information below
          </legend>
          <glamorous(form)>
                    Name:
                    <input
                              name="name"
                              onChange={[Function]}
                              type="text"
                    />
          </glamorous(form)>
          <glamorous(form)>
                    Avatar:
                    <input
                              name="avatar"
                              onChange={[Function]}
                              type="text"
                    />
          </glamorous(form)>
          <glamorous(button)
                    className="button"
                    onClick={[Function]}
          >
                    Add Friend
          </glamorous(button)>
</form>,
        "fixedHeight": -1,
        "forceInitialAnimation": false,
        "hasNestedCollapse": false,
        "isOpened": false,
        "onMeasure": [Function],
        "onRender": [Function],
        "onRest": [Function],
        "style": Object {},
        "theme": Object {
          "collapse": "ReactCollapse--collapse",
          "content": "ReactCollapse--content",
        },
      },
      "ref": null,
      "rendered": Object {
        "instance": null,
        "key": undefined,
        "nodeType": "host",
        "props": Object {
          "children": Array [
            <legend>
              Fill in the information below
</legend>,
            <glamorous(form)>
              Name:
              <input
                            name="name"
                            onChange={[Function]}
                            type="text"
              />
</glamorous(form)>,
            <glamorous(form)>
              Avatar:
              <input
                            name="avatar"
                            onChange={[Function]}
                            type="text"
              />
</glamorous(form)>,
            <glamorous(button)
              className="button"
              onClick={[Function]}
>
              Add Friend
</glamorous(button)>,
          ],
          "name": "Add a Friend",
          "style": Object {
            "padding": "0.5rem",
          },
        },
        "ref": null,
        "rendered": Array [
          Object {
            "instance": null,
            "key": undefined,
            "nodeType": "host",
            "props": Object {
              "children": "Fill in the information below",
            },
            "ref": null,
            "rendered": "Fill in the information below",
            "type": "legend",
          },
          Object {
            "instance": null,
            "key": undefined,
            "nodeType": "class",
            "props": Object {
              "children": Array [
                "Name:",
                <input
                  name="name"
                  onChange={[Function]}
                  type="text"
/>,
              ],
            },
            "ref": null,
            "rendered": Array [
              "Name:",
              Object {
                "instance": null,
                "key": undefined,
                "nodeType": "host",
                "props": Object {
                  "name": "name",
                  "onChange": [Function],
                  "type": "text",
                },
                "ref": null,
                "rendered": null,
                "type": "input",
              },
            ],
            "type": [Function],
          },
          Object {
            "instance": null,
            "key": undefined,
            "nodeType": "class",
            "props": Object {
              "children": Array [
                "Avatar:",
                <input
                  name="avatar"
                  onChange={[Function]}
                  type="text"
/>,
              ],
            },
            "ref": null,
            "rendered": Array [
              "Avatar:",
              Object {
                "instance": null,
                "key": undefined,
                "nodeType": "host",
                "props": Object {
                  "name": "avatar",
                  "onChange": [Function],
                  "type": "text",
                },
                "ref": null,
                "rendered": null,
                "type": "input",
              },
            ],
            "type": [Function],
          },
          Object {
            "instance": null,
            "key": undefined,
            "nodeType": "class",
            "props": Object {
              "children": "Add Friend",
              "className": "button",
              "onClick": [Function],
            },
            "ref": null,
            "rendered": "Add Friend",
            "type": [Function],
          },
        ],
        "type": "form",
      },
      "type": [Function],
    },
  ],
  Symbol(enzyme.__options__): Object {
    "adapter": ReactSixteenAdapter {
      "options": Object {
        "enableComponentDidUpdateOnSetState": true,
      },
    },
  },
}
`;
